BL51 BANKED LINKER/LOCATER V6.22                                                        07/23/2019  22:02:01  PAGE 1


BL51 BANKED LINKER/LOCATER V6.22, INVOKED BY:
D:\\C51\BIN\BL51.EXE ´®ÐÐÖÐ¶Ï.obj TO ´®ÐÐÖÐ¶Ï


MEMORY MODEL: SMALL


INPUT MODULES INCLUDED:
  ´®ÐÐÖÐ¶Ï.obj (´®ÐÐ_Ð¶Ï)
  D:\\C51\LIB\C51S.LIB (?C_STARTUP)


LINK MAP OF MODULE:  ´®ÐÐÖÐ¶Ï (´®ÐÐ_Ð¶Ï)


            TYPE    BASE      LENGTH    RELOCATION   SEGMENT NAME
            -----------------------------------------------------

            * * * * * * *   D A T A   M E M O R Y   * * * * * * *
            REG     0000H     0008H     ABSOLUTE     "REG BANK 0"
            IDATA   0008H     0001H     UNIT         ?STACK

            * * * * * * *   C O D E   M E M O R Y   * * * * * * *
            CODE    0000H     0003H     ABSOLUTE     
                    0003H     0020H                  *** GAP ***
            CODE    0023H     0003H     ABSOLUTE     
                    0026H     07DAH                  *** GAP ***
            CODE    0800H     0017H     UNIT         ?PR?USART?´®ÐÐ_Ð¶Ï
            CODE    0817H     0016H     UNIT         ?PR?USARTINIT?´®ÐÐ_Ð¶Ï
            CODE    082DH     000CH     UNIT         ?C_C51STARTUP
            CODE    0839H     0005H     UNIT         ?PR?MAIN?´®ÐÐ_Ð¶Ï



OVERLAY MAP OF MODULE:   ´®ÐÐÖÐ¶Ï (´®ÐÐ_Ð¶Ï)


SEGMENT
  +--> CALLED SEGMENT
---------------------
?C_C51STARTUP
  +--> ?PR?MAIN?´®ÐÐ_Ð¶Ï

?PR?MAIN?´®ÐÐ_Ð¶Ï
  +--> ?PR?USARTINIT?´®ÐÐ_Ð¶Ï



SYMBOL TABLE OF MODULE:  ´®ÐÐÖÐ¶Ï (´®ÐÐ_Ð¶Ï)

  VALUE           TYPE          NAME
  ----------------------------------

  -------         MODULE        ´®ÐÐ_Ð¶Ï
  C:0000H         SYMBOL        _ICE_DUMMY_
  B:00A8H.7       PUBLIC        EA
  B:00A8H.4       PUBLIC        ES
  B:0098H.0       PUBLIC        RI
BL51 BANKED LINKER/LOCATER V6.22                                                      07/23/2019  22:02:01  PAGE 2


  B:0098H.1       PUBLIC        TI
  C:0839H         PUBLIC        main
  D:0099H         PUBLIC        SBUF
  D:0087H         PUBLIC        PCON
  C:0800H         PUBLIC        usart
  D:0098H         PUBLIC        SCON
  D:0089H         PUBLIC        TMOD
  D:008DH         PUBLIC        TH1
  D:008BH         PUBLIC        TL1
  B:0088H.6       PUBLIC        TR1
  C:0817H         PUBLIC        usartinit
  -------         PROC          USARTINIT
  C:0817H         LINE#         4
  C:0817H         LINE#         5
  C:0817H         LINE#         6
  C:081AH         LINE#         7
  C:081DH         LINE#         8
  C:0820H         LINE#         9
  C:0822H         LINE#         10
  C:0825H         LINE#         11
  C:0828H         LINE#         12
  C:082AH         LINE#         13
  C:082CH         LINE#         14
  -------         ENDPROC       USARTINIT
  -------         PROC          MAIN
  C:0839H         LINE#         15
  C:0839H         LINE#         16
  C:0839H         LINE#         17
  C:083CH         LINE#         18
  -------         ENDPROC       MAIN
  -------         PROC          USART
  -------         DO            
  D:0007H         SYMBOL        a
  -------         ENDDO         
  C:0800H         LINE#         20
  C:0807H         LINE#         23
  C:0809H         LINE#         24
  C:080BH         LINE#         25
  C:080DH         LINE#         27
  C:0810H         LINE#         28
  C:0812H         LINE#         29
  -------         ENDPROC       USART
  -------         ENDMOD        ´®ÐÐ_Ð¶Ï

******************************************************************************
* RESTRICTED VERSION WITH 0800H BYTE CODE SIZE LIMIT; USED: 0035H BYTE ( 2%) *
******************************************************************************

Program Size: data=9.0 xdata=0 code=68
LINK/LOCATE RUN COMPLETE.  0 WARNING(S),  0 ERROR(S)
